C:/STproject/M33_26JP/cmake/stm32cubemx/../../Drivers/STM32H5xx_HAL_Driver/Inc/stm32h5xx_ll_spi.h:543:22:LL_SPI_Enable	16	static
C:/STproject/M33_26JP/cmake/stm32cubemx/../../Drivers/STM32H5xx_HAL_Driver/Inc/stm32h5xx_ll_spi.h:555:22:LL_SPI_Disable	16	static
C:/STproject/M33_26JP/cmake/stm32cubemx/../../Drivers/STM32H5xx_HAL_Driver/Inc/stm32h5xx_ll_spi.h:566:26:LL_SPI_IsEnabled	16	static
C:/STproject/M33_26JP/cmake/stm32cubemx/../../Drivers/STM32H5xx_HAL_Driver/Inc/stm32h5xx_ll_spi.h:787:22:LL_SPI_SetTransferSize	16	static
C:/STproject/M33_26JP/cmake/stm32cubemx/../../Drivers/STM32H5xx_HAL_Driver/Inc/stm32h5xx_ll_spi.h:960:22:LL_SPI_StartMasterTransfer	16	static
C:/STproject/M33_26JP/cmake/stm32cubemx/../../Drivers/STM32H5xx_HAL_Driver/Inc/stm32h5xx_ll_spi.h:1634:26:LL_SPI_IsActiveFlag_RXP	16	static
C:/STproject/M33_26JP/cmake/stm32cubemx/../../Drivers/STM32H5xx_HAL_Driver/Inc/stm32h5xx_ll_spi.h:1645:26:LL_SPI_IsActiveFlag_TXP	16	static
C:/STproject/M33_26JP/cmake/stm32cubemx/../../Drivers/STM32H5xx_HAL_Driver/Inc/stm32h5xx_ll_spi.h:1667:26:LL_SPI_IsActiveFlag_EOT	16	static
C:/STproject/M33_26JP/cmake/stm32cubemx/../../Drivers/STM32H5xx_HAL_Driver/Inc/stm32h5xx_ll_spi.h:1689:26:LL_SPI_IsActiveFlag_UDR	16	static
C:/STproject/M33_26JP/cmake/stm32cubemx/../../Drivers/STM32H5xx_HAL_Driver/Inc/stm32h5xx_ll_spi.h:1711:26:LL_SPI_IsActiveFlag_MODF	16	static
C:/STproject/M33_26JP/cmake/stm32cubemx/../../Drivers/STM32H5xx_HAL_Driver/Inc/stm32h5xx_ll_spi.h:1722:26:LL_SPI_IsActiveFlag_OVR	16	static
C:/STproject/M33_26JP/cmake/stm32cubemx/../../Drivers/STM32H5xx_HAL_Driver/Inc/stm32h5xx_ll_spi.h:1733:26:LL_SPI_IsActiveFlag_FRE	16	static
C:/STproject/M33_26JP/cmake/stm32cubemx/../../Drivers/STM32H5xx_HAL_Driver/Inc/stm32h5xx_ll_spi.h:1803:22:LL_SPI_ClearFlag_EOT	16	static
C:/STproject/M33_26JP/cmake/stm32cubemx/../../Drivers/STM32H5xx_HAL_Driver/Inc/stm32h5xx_ll_spi.h:1814:22:LL_SPI_ClearFlag_TXTF	16	static
C:/STproject/M33_26JP/cmake/stm32cubemx/../../Drivers/STM32H5xx_HAL_Driver/Inc/stm32h5xx_ll_spi.h:1825:22:LL_SPI_ClearFlag_UDR	16	static
C:/STproject/M33_26JP/cmake/stm32cubemx/../../Drivers/STM32H5xx_HAL_Driver/Inc/stm32h5xx_ll_spi.h:1836:22:LL_SPI_ClearFlag_OVR	16	static
C:/STproject/M33_26JP/cmake/stm32cubemx/../../Drivers/STM32H5xx_HAL_Driver/Inc/stm32h5xx_ll_spi.h:1847:22:LL_SPI_ClearFlag_CRCERR	16	static
C:/STproject/M33_26JP/cmake/stm32cubemx/../../Drivers/STM32H5xx_HAL_Driver/Inc/stm32h5xx_ll_spi.h:1858:22:LL_SPI_ClearFlag_MODF	16	static
C:/STproject/M33_26JP/cmake/stm32cubemx/../../Drivers/STM32H5xx_HAL_Driver/Inc/stm32h5xx_ll_spi.h:1869:22:LL_SPI_ClearFlag_FRE	16	static
C:/STproject/M33_26JP/cmake/stm32cubemx/../../Drivers/STM32H5xx_HAL_Driver/Inc/stm32h5xx_ll_spi.h:2331:25:LL_SPI_ReceiveData8	16	static
C:/STproject/M33_26JP/cmake/stm32cubemx/../../Drivers/STM32H5xx_HAL_Driver/Inc/stm32h5xx_ll_spi.h:2370:22:LL_SPI_TransmitData8	16	static
C:/STproject/M33_26JP/cmake/stm32cubemx/../../Drivers/STM32H5xx_HAL_Driver/Inc/stm32h5xx_ll_gpio.h:894:22:LL_GPIO_SetOutputPin	16	static
C:/STproject/M33_26JP/cmake/stm32cubemx/../../Drivers/STM32H5xx_HAL_Driver/Inc/stm32h5xx_ll_gpio.h:923:22:LL_GPIO_ResetOutputPin	16	static
C:/STproject/M33_26JP/Core/Src/gyro.c:23:13:gyro_cs_low	8	static
C:/STproject/M33_26JP/Core/Src/gyro.c:28:13:gyro_cs_high	8	static
C:/STproject/M33_26JP/Core/Src/gyro.c:33:13:gyro_spi_clear_flags	8	static
C:/STproject/M33_26JP/Core/Src/gyro.c:44:16:gyro_spi_transfer	40	static
C:/STproject/M33_26JP/Core/Src/gyro.c:115:16:LSM6DSR_ReadByte	24	static
C:/STproject/M33_26JP/Core/Src/gyro.c:132:16:LSM6DSR_WriteByte	24	static
C:/STproject/M33_26JP/Core/Src/gyro.c:144:16:LSM6DSR_ReadMulti	40	static
C:/STproject/M33_26JP/Core/Src/gyro.c:173:9:LSM6DSR_Init	16	static
C:/STproject/M33_26JP/Core/Src/gyro.c:203:9:LSM6DSR_ReadGyroZ	24	static
C:/STproject/M33_26JP/Core/Src/gyro.c:223:6:Gyro_test	120	static
