C:/STproject/M33_26JP/cmake/stm32cubemx/../../Drivers/STM32H5xx_HAL_Driver/Inc/stm32h5xx_ll_pwr.h:864:22:LL_PWR_SetRegulVoltageScaling	16	static
C:/STproject/M33_26JP/cmake/stm32cubemx/../../Drivers/STM32H5xx_HAL_Driver/Inc/stm32h5xx_ll_pwr.h:1726:26:LL_PWR_IsActiveFlag_VOS	4	static
C:/STproject/M33_26JP/cmake/stm32cubemx/../../Drivers/STM32H5xx_HAL_Driver/Inc/stm32h5xx_ll_pwr.h:2071:22:LL_PWR_EnableNSecurePrivilege	4	static
C:/STproject/M33_26JP/cmake/stm32cubemx/../../Drivers/STM32H5xx_HAL_Driver/Inc/stm32h5xx_ll_rcc.h:1917:22:LL_RCC_HSE_EnableBypass	4	static
C:/STproject/M33_26JP/cmake/stm32cubemx/../../Drivers/STM32H5xx_HAL_Driver/Inc/stm32h5xx_ll_rcc.h:1937:22:LL_RCC_HSE_Enable	4	static
C:/STproject/M33_26JP/cmake/stm32cubemx/../../Drivers/STM32H5xx_HAL_Driver/Inc/stm32h5xx_ll_rcc.h:1957:26:LL_RCC_HSE_IsReady	4	static
C:/STproject/M33_26JP/cmake/stm32cubemx/../../Drivers/STM32H5xx_HAL_Driver/Inc/stm32h5xx_ll_rcc.h:1971:22:LL_RCC_HSE_SetExternalClockType	16	static
C:/STproject/M33_26JP/cmake/stm32cubemx/../../Drivers/STM32H5xx_HAL_Driver/Inc/stm32h5xx_ll_rcc.h:2001:22:LL_RCC_HSI_Enable	4	static
C:/STproject/M33_26JP/cmake/stm32cubemx/../../Drivers/STM32H5xx_HAL_Driver/Inc/stm32h5xx_ll_rcc.h:2021:26:LL_RCC_HSI_IsReady	4	static
C:/STproject/M33_26JP/cmake/stm32cubemx/../../Drivers/STM32H5xx_HAL_Driver/Inc/stm32h5xx_ll_rcc.h:2077:22:LL_RCC_HSI_SetDivider	16	static
C:/STproject/M33_26JP/cmake/stm32cubemx/../../Drivers/STM32H5xx_HAL_Driver/Inc/stm32h5xx_ll_rcc.h:2117:22:LL_RCC_HSI_SetCalibTrimming	16	static
C:/STproject/M33_26JP/cmake/stm32cubemx/../../Drivers/STM32H5xx_HAL_Driver/Inc/stm32h5xx_ll_rcc.h:2543:22:LL_RCC_SetSysClkSource	16	static
C:/STproject/M33_26JP/cmake/stm32cubemx/../../Drivers/STM32H5xx_HAL_Driver/Inc/stm32h5xx_ll_rcc.h:2557:26:LL_RCC_GetSysClkSource	4	static
C:/STproject/M33_26JP/cmake/stm32cubemx/../../Drivers/STM32H5xx_HAL_Driver/Inc/stm32h5xx_ll_rcc.h:2577:22:LL_RCC_SetAHBPrescaler	16	static
C:/STproject/M33_26JP/cmake/stm32cubemx/../../Drivers/STM32H5xx_HAL_Driver/Inc/stm32h5xx_ll_rcc.h:2607:22:LL_RCC_SetAPB1Prescaler	16	static
C:/STproject/M33_26JP/cmake/stm32cubemx/../../Drivers/STM32H5xx_HAL_Driver/Inc/stm32h5xx_ll_rcc.h:2623:22:LL_RCC_SetAPB2Prescaler	16	static
C:/STproject/M33_26JP/cmake/stm32cubemx/../../Drivers/STM32H5xx_HAL_Driver/Inc/stm32h5xx_ll_rcc.h:2639:22:LL_RCC_SetAPB3Prescaler	16	static
C:/STproject/M33_26JP/cmake/stm32cubemx/../../Drivers/STM32H5xx_HAL_Driver/Inc/stm32h5xx_ll_rcc.h:3677:22:LL_RCC_SetCLKPClockSource	16	static
C:/STproject/M33_26JP/cmake/stm32cubemx/../../Drivers/STM32H5xx_HAL_Driver/Inc/stm32h5xx_ll_rcc.h:5094:22:LL_RCC_PLL1_Enable	4	static
C:/STproject/M33_26JP/cmake/stm32cubemx/../../Drivers/STM32H5xx_HAL_Driver/Inc/stm32h5xx_ll_rcc.h:5115:26:LL_RCC_PLL1_IsReady	4	static
C:/STproject/M33_26JP/cmake/stm32cubemx/../../Drivers/STM32H5xx_HAL_Driver/Inc/stm32h5xx_ll_rcc.h:5126:22:LL_RCC_PLL1P_Enable	4	static
C:/STproject/M33_26JP/cmake/stm32cubemx/../../Drivers/STM32H5xx_HAL_Driver/Inc/stm32h5xx_ll_rcc.h:5253:22:LL_RCC_PLL1_SetSource	16	static
C:/STproject/M33_26JP/cmake/stm32cubemx/../../Drivers/STM32H5xx_HAL_Driver/Inc/stm32h5xx_ll_rcc.h:5277:22:LL_RCC_PLL1_SetN	16	static
C:/STproject/M33_26JP/cmake/stm32cubemx/../../Drivers/STM32H5xx_HAL_Driver/Inc/stm32h5xx_ll_rcc.h:5298:22:LL_RCC_PLL1_SetP	16	static
C:/STproject/M33_26JP/cmake/stm32cubemx/../../Drivers/STM32H5xx_HAL_Driver/Inc/stm32h5xx_ll_rcc.h:5321:22:LL_RCC_PLL1_SetQ	16	static
C:/STproject/M33_26JP/cmake/stm32cubemx/../../Drivers/STM32H5xx_HAL_Driver/Inc/stm32h5xx_ll_rcc.h:5343:22:LL_RCC_PLL1_SetR	16	static
C:/STproject/M33_26JP/cmake/stm32cubemx/../../Drivers/STM32H5xx_HAL_Driver/Inc/stm32h5xx_ll_rcc.h:5364:22:LL_RCC_PLL1_SetM	16	static
C:/STproject/M33_26JP/cmake/stm32cubemx/../../Drivers/STM32H5xx_HAL_Driver/Inc/stm32h5xx_ll_rcc.h:5440:22:LL_RCC_PLL1_SetVCOInputRange	16	static
C:/STproject/M33_26JP/cmake/stm32cubemx/../../Drivers/STM32H5xx_HAL_Driver/Inc/stm32h5xx_ll_rcc.h:5454:22:LL_RCC_PLL1_SetVCOOutputRange	16	static
C:/STproject/M33_26JP/cmake/stm32cubemx/../../Drivers/STM32H5xx_HAL_Driver/Inc/stm32h5xx_ll_system.h:1826:22:LL_FLASH_SetLatency	16	static
C:/STproject/M33_26JP/cmake/stm32cubemx/../../Drivers/STM32H5xx_HAL_Driver/Inc/stm32h5xx_ll_system.h:1852:26:LL_FLASH_GetLatency	4	static
C:/STproject/M33_26JP/cmake/stm32cubemx/../../Drivers/STM32H5xx_HAL_Driver/Inc/stm32h5xx_ll_cortex.h:511:22:LL_MPU_Enable	16	static,ignoring_inline_asm
C:/STproject/M33_26JP/cmake/stm32cubemx/../../Drivers/STM32H5xx_HAL_Driver/Inc/stm32h5xx_ll_cortex.h:554:22:LL_MPU_Disable	4	static,ignoring_inline_asm
C:/STproject/M33_26JP/cmake/stm32cubemx/../../Drivers/STM32H5xx_HAL_Driver/Inc/stm32h5xx_ll_cortex.h:630:22:LL_MPU_EnableRegion	16	static
C:/STproject/M33_26JP/cmake/stm32cubemx/../../Drivers/STM32H5xx_HAL_Driver/Inc/stm32h5xx_ll_cortex.h:819:22:LL_MPU_ConfigRegion	24	static
C:/STproject/M33_26JP/cmake/stm32cubemx/../../Drivers/STM32H5xx_HAL_Driver/Inc/stm32h5xx_ll_cortex.h:971:22:LL_MPU_ConfigAttributes	16	static
C:/STproject/M33_26JP/Core/Src/main.c:80:5:main	8	static
C:/STproject/M33_26JP/Core/Src/main.c:154:6:SystemClock_Config	8	static
C:/STproject/M33_26JP/Core/Src/main.c:223:6:PeriphCommonClock_Config	8	static
C:/STproject/M33_26JP/Core/Src/main.c:234:6:MPU_Config	16	static
C:/STproject/M33_26JP/Core/Src/main.c:257:6:Error_Handler	4	static,ignoring_inline_asm
