C:/STproject/M33_26JP/cmake/stm32cubemx/../../Drivers/CMSIS/Include/core_cm33.h:2390:22:__NVIC_EnableIRQ	16	static,ignoring_inline_asm
C:/STproject/M33_26JP/cmake/stm32cubemx/../../Drivers/CMSIS/Include/core_cm33.h:2409:26:__NVIC_GetEnableIRQ	16	static
C:/STproject/M33_26JP/cmake/stm32cubemx/../../Drivers/CMSIS/Include/core_cm33.h:2428:22:__NVIC_DisableIRQ	16	static,ignoring_inline_asm
C:/STproject/M33_26JP/cmake/stm32cubemx/../../Drivers/CMSIS/Include/core_cm33.h:2481:22:__NVIC_ClearPendingIRQ	16	static
C:/STproject/M33_26JP/cmake/stm32cubemx/../../Drivers/STM32H5xx_HAL_Driver/Inc/stm32h5xx_ll_tim.h:2005:22:LL_TIM_EnableCounter	16	static
C:/STproject/M33_26JP/cmake/stm32cubemx/../../Drivers/STM32H5xx_HAL_Driver/Inc/stm32h5xx_ll_tim.h:2259:22:LL_TIM_SetCounter	16	static
C:/STproject/M33_26JP/cmake/stm32cubemx/../../Drivers/STM32H5xx_HAL_Driver/Inc/stm32h5xx_ll_tim.h:2273:26:LL_TIM_GetCounter	16	static
C:/STproject/M33_26JP/cmake/stm32cubemx/../../Drivers/STM32H5xx_HAL_Driver/Inc/stm32h5xx_ll_tim.h:2586:22:LL_TIM_CC_EnableChannel	16	static
C:/STproject/M33_26JP/cmake/stm32cubemx/../../Drivers/STM32H5xx_HAL_Driver/Inc/stm32h5xx_ll_tim.h:3199:22:LL_TIM_OC_SetCompareCH1	16	static
C:/STproject/M33_26JP/cmake/stm32cubemx/../../Drivers/STM32H5xx_HAL_Driver/Inc/stm32h5xx_ll_tim.h:3235:22:LL_TIM_OC_SetCompareCH3	16	static
C:/STproject/M33_26JP/cmake/stm32cubemx/../../Drivers/STM32H5xx_HAL_Driver/Inc/stm32h5xx_ll_tim.h:3253:22:LL_TIM_OC_SetCompareCH4	16	static
C:/STproject/M33_26JP/cmake/stm32cubemx/../../Drivers/STM32H5xx_HAL_Driver/Inc/stm32h5xx_ll_tim.h:4572:22:LL_TIM_EnableAllOutputs	16	static
C:/STproject/M33_26JP/cmake/stm32cubemx/../../Drivers/STM32H5xx_HAL_Driver/Inc/stm32h5xx_ll_tim.h:5359:22:LL_TIM_ClearFlag_UPDATE	16	static
C:/STproject/M33_26JP/cmake/stm32cubemx/../../Drivers/STM32H5xx_HAL_Driver/Inc/stm32h5xx_ll_tim.h:5825:22:LL_TIM_EnableIT_UPDATE	16	static
C:/STproject/M33_26JP/cmake/stm32cubemx/../../Drivers/STM32H5xx_HAL_Driver/Inc/stm32h5xx_ll_tim.h:5836:22:LL_TIM_DisableIT_UPDATE	16	static
C:/STproject/M33_26JP/cmake/stm32cubemx/../../Drivers/STM32H5xx_HAL_Driver/Inc/stm32h5xx_ll_tim.h:5847:26:LL_TIM_IsEnabledIT_UPDATE	16	static
C:/STproject/M33_26JP/cmake/stm32cubemx/../../Drivers/STM32H5xx_HAL_Driver/Inc/stm32h5xx_ll_tim.h:6490:22:LL_TIM_GenerateEvent_UPDATE	16	static
C:/STproject/M33_26JP/cmake/stm32cubemx/../../Drivers/STM32H5xx_HAL_Driver/Inc/stm32h5xx_ll_gpio.h:894:22:LL_GPIO_SetOutputPin	16	static
C:/STproject/M33_26JP/cmake/stm32cubemx/../../Drivers/STM32H5xx_HAL_Driver/Inc/stm32h5xx_ll_gpio.h:923:22:LL_GPIO_ResetOutputPin	16	static
C:/STproject/M33_26JP/Core/Src/motor.c:29:14:motor_fabsf	16	static
C:/STproject/M33_26JP/Core/Src/motor.c:34:14:motor_sqrtf	24	static
C:/STproject/M33_26JP/Core/Src/motor.c:51:14:motor_clampf	24	static
C:/STproject/M33_26JP/Core/Src/motor.c:64:17:motor_abs_clamp	24	static
C:/STproject/M33_26JP/Core/Src/motor.c:79:16:motor_counter_to_delta	24	static
C:/STproject/M33_26JP/Core/Src/motor.c:90:13:motor_set_left_direction	16	static
C:/STproject/M33_26JP/Core/Src/motor.c:104:13:motor_set_right_direction	16	static
C:/STproject/M33_26JP/Core/Src/motor.c:118:6:motor_set_pwm	16	static
C:/STproject/M33_26JP/Core/Src/motor.c:127:6:motor_stop	8	static
C:/STproject/M33_26JP/Core/Src/motor.c:132:6:suction_esc_set_us	24	static
C:/STproject/M33_26JP/Core/Src/motor.c:145:13:motor_wait_switch_release	8	static
C:/STproject/M33_26JP/Core/Src/motor.c:152:13:suction_esc_test_oled	48	static
C:/STproject/M33_26JP/Core/Src/motor.c:165:6:suction_esc_calibration	8	static
C:/STproject/M33_26JP/Core/Src/motor.c:198:6:suction_esc_test	16	static
C:/STproject/M33_26JP/Core/Src/motor.c:257:6:motor_vari_init	16	static
C:/STproject/M33_26JP/Core/Src/motor.c:268:6:motor_reset_motion_state	8	static
C:/STproject/M33_26JP/Core/Src/motor.c:285:6:decel_dist_compute	32	static
C:/STproject/M33_26JP/Core/Src/motor.c:297:6:diffvel_to_remaindist_cpt	24	static
C:/STproject/M33_26JP/Core/Src/motor.c:302:6:max_vel_compute	48	static
C:/STproject/M33_26JP/Core/Src/motor.c:321:6:move_to_move	40	static,ignoring_inline_asm
C:/STproject/M33_26JP/Core/Src/motor.c:351:6:move_to_end	40	static,ignoring_inline_asm
C:/STproject/M33_26JP/Core/Src/motor.c:381:6:motor_enable_control	16	static
C:/STproject/M33_26JP/Core/Src/motor.c:394:6:motor_init	8	static
C:/STproject/M33_26JP/Core/Src/motor.c:423:13:motor_update_axis_feedback	16	static
C:/STproject/M33_26JP/Core/Src/motor.c:438:13:motor_update_distance_state	16	static
C:/STproject/M33_26JP/Core/Src/motor.c:448:13:motor_update_decel_state	16	static
C:/STproject/M33_26JP/Core/Src/motor.c:473:13:motor_update_velocity_ramp	24	static
C:/STproject/M33_26JP/Core/Src/motor.c:490:13:motor_update_pid	32	static
C:/STproject/M33_26JP/Core/Src/motor.c:511:16:motor_pid_to_pwm	16	static
C:/STproject/M33_26JP/Core/Src/motor.c:524:13:motor_position_to_vel	4	static
C:/STproject/M33_26JP/Core/Src/motor.c:557:6:motor_500us_irq_handler	32	static
C:/STproject/M33_26JP/Core/Src/motor.c:614:13:motor_pwm_test_apply	16	static
C:/STproject/M33_26JP/Core/Src/motor.c:623:13:motor_pwm_test_oled	48	static
C:/STproject/M33_26JP/Core/Src/motor.c:640:6:motor_pwm_test	24	static
C:/STproject/M33_26JP/Core/Src/motor.c:717:6:motor_encoder_test	120	static
