C:/STproject/M33_26JP/cmake/stm32cubemx/../../Drivers/STM32H5xx_HAL_Driver/Inc/stm32h5xx_ll_tim.h:2005:22:LL_TIM_EnableCounter	16	static
C:/STproject/M33_26JP/cmake/stm32cubemx/../../Drivers/STM32H5xx_HAL_Driver/Inc/stm32h5xx_ll_tim.h:2259:22:LL_TIM_SetCounter	16	static
C:/STproject/M33_26JP/cmake/stm32cubemx/../../Drivers/STM32H5xx_HAL_Driver/Inc/stm32h5xx_ll_tim.h:2273:26:LL_TIM_GetCounter	16	static
C:/STproject/M33_26JP/cmake/stm32cubemx/../../Drivers/STM32H5xx_HAL_Driver/Inc/stm32h5xx_ll_tim.h:2586:22:LL_TIM_CC_EnableChannel	16	static
C:/STproject/M33_26JP/cmake/stm32cubemx/../../Drivers/STM32H5xx_HAL_Driver/Inc/stm32h5xx_ll_tim.h:3199:22:LL_TIM_OC_SetCompareCH1	16	static
C:/STproject/M33_26JP/cmake/stm32cubemx/../../Drivers/STM32H5xx_HAL_Driver/Inc/stm32h5xx_ll_tim.h:3235:22:LL_TIM_OC_SetCompareCH3	16	static
C:/STproject/M33_26JP/cmake/stm32cubemx/../../Drivers/STM32H5xx_HAL_Driver/Inc/stm32h5xx_ll_tim.h:3253:22:LL_TIM_OC_SetCompareCH4	16	static
C:/STproject/M33_26JP/cmake/stm32cubemx/../../Drivers/STM32H5xx_HAL_Driver/Inc/stm32h5xx_ll_tim.h:4572:22:LL_TIM_EnableAllOutputs	16	static
C:/STproject/M33_26JP/cmake/stm32cubemx/../../Drivers/STM32H5xx_HAL_Driver/Inc/stm32h5xx_ll_tim.h:5359:22:LL_TIM_ClearFlag_UPDATE	16	static
C:/STproject/M33_26JP/cmake/stm32cubemx/../../Drivers/STM32H5xx_HAL_Driver/Inc/stm32h5xx_ll_tim.h:5825:22:LL_TIM_EnableIT_UPDATE	16	static
C:/STproject/M33_26JP/cmake/stm32cubemx/../../Drivers/STM32H5xx_HAL_Driver/Inc/stm32h5xx_ll_gpio.h:894:22:LL_GPIO_SetOutputPin	16	static
C:/STproject/M33_26JP/cmake/stm32cubemx/../../Drivers/STM32H5xx_HAL_Driver/Inc/stm32h5xx_ll_gpio.h:923:22:LL_GPIO_ResetOutputPin	16	static
C:/STproject/M33_26JP/Core/Src/motor.c:28:14:motor_fabsf	16	static
C:/STproject/M33_26JP/Core/Src/motor.c:33:14:motor_sqrtf	24	static
C:/STproject/M33_26JP/Core/Src/motor.c:50:14:motor_clampf	24	static
C:/STproject/M33_26JP/Core/Src/motor.c:63:17:motor_abs_clamp	24	static
C:/STproject/M33_26JP/Core/Src/motor.c:78:16:motor_counter_to_delta	24	static
C:/STproject/M33_26JP/Core/Src/motor.c:89:13:motor_set_left_direction	16	static
C:/STproject/M33_26JP/Core/Src/motor.c:103:13:motor_set_right_direction	16	static
C:/STproject/M33_26JP/Core/Src/motor.c:117:6:motor_set_pwm	16	static
C:/STproject/M33_26JP/Core/Src/motor.c:126:6:motor_stop	8	static
C:/STproject/M33_26JP/Core/Src/motor.c:131:6:suction_esc_set_us	24	static
C:/STproject/M33_26JP/Core/Src/motor.c:144:13:suction_esc_wait_switch_release	8	static
C:/STproject/M33_26JP/Core/Src/motor.c:151:6:suction_esc_test	16	static
C:/STproject/M33_26JP/Core/Src/motor.c:209:6:motor_vari_init	16	static
C:/STproject/M33_26JP/Core/Src/motor.c:220:6:motor_reset_motion_state	8	static
C:/STproject/M33_26JP/Core/Src/motor.c:237:6:decel_dist_compute	32	static
C:/STproject/M33_26JP/Core/Src/motor.c:249:6:diffvel_to_remaindist_cpt	24	static
C:/STproject/M33_26JP/Core/Src/motor.c:254:6:max_vel_compute	48	static
C:/STproject/M33_26JP/Core/Src/motor.c:273:6:move_to_move	40	static,ignoring_inline_asm
C:/STproject/M33_26JP/Core/Src/motor.c:303:6:move_to_end	40	static,ignoring_inline_asm
C:/STproject/M33_26JP/Core/Src/motor.c:333:6:motor_enable_control	16	static
C:/STproject/M33_26JP/Core/Src/motor.c:346:6:motor_init	8	static
C:/STproject/M33_26JP/Core/Src/motor.c:375:13:motor_update_axis_feedback	16	static
C:/STproject/M33_26JP/Core/Src/motor.c:390:13:motor_update_distance_state	16	static
C:/STproject/M33_26JP/Core/Src/motor.c:400:13:motor_update_decel_state	16	static
C:/STproject/M33_26JP/Core/Src/motor.c:425:13:motor_update_velocity_ramp	24	static
C:/STproject/M33_26JP/Core/Src/motor.c:442:13:motor_update_pid	32	static
C:/STproject/M33_26JP/Core/Src/motor.c:463:16:motor_pid_to_pwm	16	static
C:/STproject/M33_26JP/Core/Src/motor.c:476:13:motor_position_to_vel	4	static
C:/STproject/M33_26JP/Core/Src/motor.c:509:6:motor_500us_irq_handler	32	static
C:/STproject/M33_26JP/Core/Src/motor.c:566:6:motor_encoder_test	72	static
