C:/STproject/M33_26JP/cmake/stm32cubemx/../../Drivers/STM32H5xx_HAL_Driver/Inc/stm32h5xx_ll_i2c.h:429:22:LL_I2C_Enable	16	static
C:/STproject/M33_26JP/cmake/stm32cubemx/../../Drivers/STM32H5xx_HAL_Driver/Inc/stm32h5xx_ll_i2c.h:454:26:LL_I2C_IsEnabled	16	static
C:/STproject/M33_26JP/cmake/stm32cubemx/../../Drivers/STM32H5xx_HAL_Driver/Inc/stm32h5xx_ll_i2c.h:1666:26:LL_I2C_IsActiveFlag_TXIS	16	static
C:/STproject/M33_26JP/cmake/stm32cubemx/../../Drivers/STM32H5xx_HAL_Driver/Inc/stm32h5xx_ll_i2c.h:1692:26:LL_I2C_IsActiveFlag_ADDR	16	static
C:/STproject/M33_26JP/cmake/stm32cubemx/../../Drivers/STM32H5xx_HAL_Driver/Inc/stm32h5xx_ll_i2c.h:1705:26:LL_I2C_IsActiveFlag_NACK	16	static
C:/STproject/M33_26JP/cmake/stm32cubemx/../../Drivers/STM32H5xx_HAL_Driver/Inc/stm32h5xx_ll_i2c.h:1718:26:LL_I2C_IsActiveFlag_STOP	16	static
C:/STproject/M33_26JP/cmake/stm32cubemx/../../Drivers/STM32H5xx_HAL_Driver/Inc/stm32h5xx_ll_i2c.h:1757:26:LL_I2C_IsActiveFlag_BERR	16	static
C:/STproject/M33_26JP/cmake/stm32cubemx/../../Drivers/STM32H5xx_HAL_Driver/Inc/stm32h5xx_ll_i2c.h:1770:26:LL_I2C_IsActiveFlag_ARLO	16	static
C:/STproject/M33_26JP/cmake/stm32cubemx/../../Drivers/STM32H5xx_HAL_Driver/Inc/stm32h5xx_ll_i2c.h:1783:26:LL_I2C_IsActiveFlag_OVR	16	static
C:/STproject/M33_26JP/cmake/stm32cubemx/../../Drivers/STM32H5xx_HAL_Driver/Inc/stm32h5xx_ll_i2c.h:1842:26:LL_I2C_IsActiveFlag_BUSY	16	static
C:/STproject/M33_26JP/cmake/stm32cubemx/../../Drivers/STM32H5xx_HAL_Driver/Inc/stm32h5xx_ll_i2c.h:1853:22:LL_I2C_ClearFlag_ADDR	16	static
C:/STproject/M33_26JP/cmake/stm32cubemx/../../Drivers/STM32H5xx_HAL_Driver/Inc/stm32h5xx_ll_i2c.h:1864:22:LL_I2C_ClearFlag_NACK	16	static
C:/STproject/M33_26JP/cmake/stm32cubemx/../../Drivers/STM32H5xx_HAL_Driver/Inc/stm32h5xx_ll_i2c.h:1875:22:LL_I2C_ClearFlag_STOP	16	static
C:/STproject/M33_26JP/cmake/stm32cubemx/../../Drivers/STM32H5xx_HAL_Driver/Inc/stm32h5xx_ll_i2c.h:1898:22:LL_I2C_ClearFlag_BERR	16	static
C:/STproject/M33_26JP/cmake/stm32cubemx/../../Drivers/STM32H5xx_HAL_Driver/Inc/stm32h5xx_ll_i2c.h:1909:22:LL_I2C_ClearFlag_ARLO	16	static
C:/STproject/M33_26JP/cmake/stm32cubemx/../../Drivers/STM32H5xx_HAL_Driver/Inc/stm32h5xx_ll_i2c.h:1920:22:LL_I2C_ClearFlag_OVR	16	static
C:/STproject/M33_26JP/cmake/stm32cubemx/../../Drivers/STM32H5xx_HAL_Driver/Inc/stm32h5xx_ll_i2c.h:2102:22:LL_I2C_GenerateStopCondition	16	static
C:/STproject/M33_26JP/cmake/stm32cubemx/../../Drivers/STM32H5xx_HAL_Driver/Inc/stm32h5xx_ll_i2c.h:2234:22:LL_I2C_HandleTransfer	32	static
C:/STproject/M33_26JP/cmake/stm32cubemx/../../Drivers/STM32H5xx_HAL_Driver/Inc/stm32h5xx_ll_i2c.h:2338:22:LL_I2C_TransmitData8	16	static
C:/STproject/M33_26JP/Core/Src/oled.c:127:13:OLED_I2C_ClearErrorFlags	8	static
C:/STproject/M33_26JP/Core/Src/oled.c:149:16:OLED_I2C_Write	40	static
C:/STproject/M33_26JP/Core/Src/oled.c:217:16:OLED_Cmd	24	static
C:/STproject/M33_26JP/Core/Src/oled.c:223:6:OLED_Init	8	static
C:/STproject/M33_26JP/Core/Src/oled.c:267:6:OLED_Clear	8	static
C:/STproject/M33_26JP/Core/Src/oled.c:277:9:OLED_IsBusy	4	static
C:/STproject/M33_26JP/Core/Src/oled.c:282:6:OLED_Update	8	static
C:/STproject/M33_26JP/Core/Src/oled.c:293:6:OLED_Print	24	static
C:/STproject/M33_26JP/Core/Src/oled.c:310:6:OLED_Printf	56	static
C:/STproject/M33_26JP/Core/Src/oled.c:325:13:OLED_DrawChar	24	static
C:/STproject/M33_26JP/Core/Src/oled.c:355:16:OLED_UpdateBlocking	144	static
C:/STproject/M33_26JP/Core/Src/oled.c:379:6:OLED_DrawSensorBars	32	static
C:/STproject/M33_26JP/Core/Src/oled.c:427:6:OLED_ClearBuffer	8	static
