C:/STproject/M33_26JP/Core/Src/rom.c:93:17:rom_record_addr	16	static
C:/STproject/M33_26JP/Core/Src/rom.c:102:17:rom_checksum	24	static
C:/STproject/M33_26JP/Core/Src/rom.c:114:16:rom_sensor_limit_is_valid	16	static
C:/STproject/M33_26JP/Core/Src/rom.c:135:16:rom_write_record	32	static
C:/STproject/M33_26JP/Core/Src/rom.c:155:16:rom_read_record	48	static
C:/STproject/M33_26JP/Core/Src/rom.c:177:6:maxmin_write_rom	144	static
C:/STproject/M33_26JP/Core/Src/rom.c:192:6:maxmin_read_rom	144	static
C:/STproject/M33_26JP/Core/Src/rom.c:215:6:turnvel_write_rom	16	static
C:/STproject/M33_26JP/Core/Src/rom.c:223:6:turnvel_read_rom	16	static
C:/STproject/M33_26JP/Core/Src/rom.c:233:6:extvel_write_rom	48	static
C:/STproject/M33_26JP/Core/Src/rom.c:251:6:extvel_read_rom	48	static
C:/STproject/M33_26JP/Core/Src/rom.c:271:6:turnmark_info_write_rom	24	static
C:/STproject/M33_26JP/Core/Src/rom.c:285:6:turnmark_info_read_rom	24	static
C:/STproject/M33_26JP/Core/Src/rom.c:303:6:acc_info_write_rom	32	static
C:/STproject/M33_26JP/Core/Src/rom.c:317:6:acc_info_read_rom	32	static
C:/STproject/M33_26JP/Core/Src/rom.c:333:6:handle_write_rom	24	static
C:/STproject/M33_26JP/Core/Src/rom.c:346:6:handle_read_rom	24	static
C:/STproject/M33_26JP/Core/Src/rom.c:361:6:mark_write_rom	16	static
C:/STproject/M33_26JP/Core/Src/rom.c:369:6:mark_read_rom	16	static
C:/STproject/M33_26JP/Core/Src/rom.c:380:6:fast_infor_write_rom	4112	static
C:/STproject/M33_26JP/Core/Src/rom.c:396:6:fast_infor_read_rom	4112	static
C:/STproject/M33_26JP/Core/Src/rom.c:415:6:rom_load_all	8	static
