C:/STproject/M33_26JP/Core/Src/rom.c:95:17:rom_record_addr	16	static
C:/STproject/M33_26JP/Core/Src/rom.c:104:17:rom_checksum	24	static
C:/STproject/M33_26JP/Core/Src/rom.c:116:16:rom_sensor_limit_is_valid	16	static
C:/STproject/M33_26JP/Core/Src/rom.c:137:16:rom_write_record	32	static
C:/STproject/M33_26JP/Core/Src/rom.c:157:16:rom_read_record	48	static
C:/STproject/M33_26JP/Core/Src/rom.c:179:6:maxmin_write_rom	144	static
C:/STproject/M33_26JP/Core/Src/rom.c:194:6:maxmin_read_rom	144	static
C:/STproject/M33_26JP/Core/Src/rom.c:217:6:turnvel_write_rom	16	static
C:/STproject/M33_26JP/Core/Src/rom.c:225:6:turnvel_read_rom	16	static
C:/STproject/M33_26JP/Core/Src/rom.c:235:6:extvel_write_rom	48	static
C:/STproject/M33_26JP/Core/Src/rom.c:253:6:extvel_read_rom	48	static
C:/STproject/M33_26JP/Core/Src/rom.c:273:6:turnmark_info_write_rom	24	static
C:/STproject/M33_26JP/Core/Src/rom.c:287:6:turnmark_info_read_rom	24	static
C:/STproject/M33_26JP/Core/Src/rom.c:305:6:acc_info_write_rom	32	static
C:/STproject/M33_26JP/Core/Src/rom.c:319:6:acc_info_read_rom	32	static
C:/STproject/M33_26JP/Core/Src/rom.c:335:6:handle_write_rom	24	static
C:/STproject/M33_26JP/Core/Src/rom.c:348:6:handle_read_rom	24	static
C:/STproject/M33_26JP/Core/Src/rom.c:363:6:mark_write_rom	16	static
C:/STproject/M33_26JP/Core/Src/rom.c:371:6:mark_read_rom	16	static
C:/STproject/M33_26JP/Core/Src/rom.c:382:6:fast_infor_write_rom	16	static
C:/STproject/M33_26JP/Core/Src/rom.c:398:6:fast_infor_read_rom	16	static
C:/STproject/M33_26JP/Core/Src/rom.c:417:6:rom_load_all	8	static
