C:/STproject/M33_26JP/cmake/stm32cubemx/../../Drivers/STM32H5xx_HAL_Driver/Inc/stm32h5xx_ll_gpio.h:923:22:LL_GPIO_ResetOutputPin	16	static
C:/STproject/M33_26JP/Core/Src/search.c:29:13:search_process_turn_marks	8	static
C:/STproject/M33_26JP/Core/Src/search.c:43:13:search_wait_key_release	8	static
C:/STproject/M33_26JP/Core/Src/search.c:50:20:search_setting_title	16	static
C:/STproject/M33_26JP/Core/Src/search.c:80:20:search_setting_adjust_hint	16	static
C:/STproject/M33_26JP/Core/Src/search.c:112:13:search_show_setting	16	static
C:/STproject/M33_26JP/Core/Src/search.c:122:13:search_print_float_setting	56	static
C:/STproject/M33_26JP/Core/Src/search.c:148:13:search_print_int_setting	40	static
C:/STproject/M33_26JP/Core/Src/search.c:165:13:search_route_clear	8	static
C:/STproject/M33_26JP/Core/Src/search.c:173:13:search_compute_max_vel	40	static
C:/STproject/M33_26JP/Core/Src/search.c:191:13:search_compute_decel_dist	32	static
C:/STproject/M33_26JP/Core/Src/search.c:202:6:Race_Init	8	static
C:/STproject/M33_26JP/Core/Src/search.c:257:6:search_route_save_request	4	static
C:/STproject/M33_26JP/Core/Src/search.c:262:13:search_route_save_prompt	8	static
C:/STproject/M33_26JP/Core/Src/search.c:311:6:search_run_start	8	static
C:/STproject/M33_26JP/Core/Src/search.c:328:6:search_run	32	static
C:/STproject/M33_26JP/Core/Src/search.c:373:6:turn_info_compute	32	static
C:/STproject/M33_26JP/Core/Src/search.c:455:6:turn_info_func	16	static
C:/STproject/M33_26JP/Core/Src/search.c:464:6:print_second_info	168	static
C:/STproject/M33_26JP/Core/Src/search.c:509:6:fst_info	8	static
C:/STproject/M33_26JP/Core/Src/search.c:521:6:bril_info	64	static
C:/STproject/M33_26JP/Core/Src/search.c:555:6:fast_run	32	static
C:/STproject/M33_26JP/Core/Src/search.c:566:13:straight_compute	32	static
C:/STproject/M33_26JP/Core/Src/search.c:622:13:default_turn_compute	24	static
C:/STproject/M33_26JP/Core/Src/search.c:644:6:large_turn_compute	32	static
C:/STproject/M33_26JP/Core/Src/search.c:702:13:turn_division_compute	24	static
C:/STproject/M33_26JP/Core/Src/search.c:713:6:turn_division_func	16	static
C:/STproject/M33_26JP/Core/Src/search.c:722:6:speed_up_compute	16	static
C:/STproject/M33_26JP/Core/Src/search.c:736:6:second_infor	16	static
C:/STproject/M33_26JP/Core/Src/search.c:778:6:fast_error_compute	40	static
C:/STproject/M33_26JP/Core/Src/search.c:833:6:second_run	40	static
C:/STproject/M33_26JP/Core/Src/search.c:919:6:Set_Velocity	8	static
C:/STproject/M33_26JP/Core/Src/search.c:944:6:Set_TurnMark	8	static
C:/STproject/M33_26JP/Core/Src/search.c:1028:6:Set_Handle	8	static
C:/STproject/M33_26JP/Core/Src/search.c:1091:6:SET_END	8	static
C:/STproject/M33_26JP/Core/Src/search.c:1114:6:Set_Accel	8	static
C:/STproject/M33_26JP/Core/Src/search.c:1137:6:Set_PosPID	8	static
C:/STproject/M33_26JP/Core/Src/search.c:1171:6:Set_MotorPID	8	static
C:/STproject/M33_26JP/Core/Src/search.c:1207:6:extreme_ctl	8	static
C:/STproject/M33_26JP/Core/Src/search.c:1301:6:Set_ShiftRatio	8	static
C:/STproject/M33_26JP/Core/Src/search.c:1349:6:search_run_stop	8	static
C:/STproject/M33_26JP/Core/Src/search.c:1360:5:line_out_func	8	static
C:/STproject/M33_26JP/Core/Src/search.c:1390:5:race_stop_check	8	static
C:/STproject/M33_26JP/Core/Src/search.c:1406:6:search_run_task	8	static
