C:/STproject/M33_26JP/Core/Src/search.c:28:13:search_wait_key_release	8	static
C:/STproject/M33_26JP/Core/Src/search.c:35:13:search_print_float_setting	24	static
C:/STproject/M33_26JP/Core/Src/search.c:44:13:search_print_int_setting	24	static
C:/STproject/M33_26JP/Core/Src/search.c:50:13:search_route_clear	8	static
C:/STproject/M33_26JP/Core/Src/search.c:58:13:search_compute_max_vel	40	static
C:/STproject/M33_26JP/Core/Src/search.c:76:13:search_compute_decel_dist	32	static
C:/STproject/M33_26JP/Core/Src/search.c:87:6:Race_Init	8	static
C:/STproject/M33_26JP/Core/Src/search.c:130:6:search_route_save_request	4	static
C:/STproject/M33_26JP/Core/Src/search.c:135:6:search_run_start	8	static
C:/STproject/M33_26JP/Core/Src/search.c:152:6:search_run	8	static
C:/STproject/M33_26JP/Core/Src/search.c:186:6:turn_info_compute	32	static
C:/STproject/M33_26JP/Core/Src/search.c:268:6:turn_info_func	16	static
C:/STproject/M33_26JP/Core/Src/search.c:277:6:print_second_info	168	static
C:/STproject/M33_26JP/Core/Src/search.c:322:6:fst_info	8	static
C:/STproject/M33_26JP/Core/Src/search.c:334:6:bril_info	64	static
C:/STproject/M33_26JP/Core/Src/search.c:368:6:fast_run	8	static
C:/STproject/M33_26JP/Core/Src/search.c:376:13:straight_compute	32	static
C:/STproject/M33_26JP/Core/Src/search.c:432:13:default_turn_compute	24	static
C:/STproject/M33_26JP/Core/Src/search.c:454:6:large_turn_compute	32	static
C:/STproject/M33_26JP/Core/Src/search.c:512:13:turn_division_compute	24	static
C:/STproject/M33_26JP/Core/Src/search.c:523:6:turn_division_func	16	static
C:/STproject/M33_26JP/Core/Src/search.c:532:6:speed_up_compute	16	static
C:/STproject/M33_26JP/Core/Src/search.c:546:6:second_infor	16	static
C:/STproject/M33_26JP/Core/Src/search.c:588:6:fast_error_compute	40	static
C:/STproject/M33_26JP/Core/Src/search.c:640:6:second_run	16	static
C:/STproject/M33_26JP/Core/Src/search.c:708:6:Set_Velocity	8	static
C:/STproject/M33_26JP/Core/Src/search.c:733:6:Set_TurnMark	8	static
C:/STproject/M33_26JP/Core/Src/search.c:817:6:Set_Handle	8	static
C:/STproject/M33_26JP/Core/Src/search.c:880:6:SET_END	8	static
C:/STproject/M33_26JP/Core/Src/search.c:903:6:Set_Accel	8	static
C:/STproject/M33_26JP/Core/Src/search.c:926:6:Set_PosPID	8	static
C:/STproject/M33_26JP/Core/Src/search.c:960:6:Set_MotorPID	8	static
C:/STproject/M33_26JP/Core/Src/search.c:996:6:extreme_ctl	8	static
C:/STproject/M33_26JP/Core/Src/search.c:1090:6:Set_ShiftRatio	8	static
C:/STproject/M33_26JP/Core/Src/search.c:1138:6:search_run_stop	8	static
C:/STproject/M33_26JP/Core/Src/search.c:1147:5:line_out_func	8	static
C:/STproject/M33_26JP/Core/Src/search.c:1163:5:race_stop_check	8	static
C:/STproject/M33_26JP/Core/Src/search.c:1182:6:search_run_task	8	static
