C:/STproject/M33_26JP/cmake/stm32cubemx/../../Drivers/CMSIS/Include/core_cm33.h:2481:22:__NVIC_ClearPendingIRQ	16	static
C:/STproject/M33_26JP/cmake/stm32cubemx/../../Drivers/STM32H5xx_HAL_Driver/Inc/stm32h5xx_ll_adc.h:6983:22:LL_ADC_Enable	16	static
C:/STproject/M33_26JP/cmake/stm32cubemx/../../Drivers/STM32H5xx_HAL_Driver/Inc/stm32h5xx_ll_adc.h:7108:22:LL_ADC_REG_StartConversion	16	static
C:/STproject/M33_26JP/cmake/stm32cubemx/../../Drivers/STM32H5xx_HAL_Driver/Inc/stm32h5xx_ll_adc.h:7226:26:LL_ADC_REG_ReadConversionData12	16	static
C:/STproject/M33_26JP/cmake/stm32cubemx/../../Drivers/STM32H5xx_HAL_Driver/Inc/stm32h5xx_ll_adc.h:7542:26:LL_ADC_IsActiveFlag_ADRDY	16	static
C:/STproject/M33_26JP/cmake/stm32cubemx/../../Drivers/STM32H5xx_HAL_Driver/Inc/stm32h5xx_ll_adc.h:7666:22:LL_ADC_ClearFlag_ADRDY	16	static
C:/STproject/M33_26JP/cmake/stm32cubemx/../../Drivers/STM32H5xx_HAL_Driver/Inc/stm32h5xx_ll_adc.h:7677:22:LL_ADC_ClearFlag_EOC	16	static
C:/STproject/M33_26JP/cmake/stm32cubemx/../../Drivers/STM32H5xx_HAL_Driver/Inc/stm32h5xx_ll_adc.h:7688:22:LL_ADC_ClearFlag_EOS	16	static
C:/STproject/M33_26JP/cmake/stm32cubemx/../../Drivers/STM32H5xx_HAL_Driver/Inc/stm32h5xx_ll_adc.h:8072:22:LL_ADC_EnableIT_EOC	16	static
C:/STproject/M33_26JP/cmake/stm32cubemx/../../Drivers/STM32H5xx_HAL_Driver/Inc/stm32h5xx_ll_adc.h:8193:22:LL_ADC_DisableIT_EOC	16	static
C:/STproject/M33_26JP/cmake/stm32cubemx/../../Drivers/STM32H5xx_HAL_Driver/Inc/stm32h5xx_ll_tim.h:2005:22:LL_TIM_EnableCounter	16	static
C:/STproject/M33_26JP/cmake/stm32cubemx/../../Drivers/STM32H5xx_HAL_Driver/Inc/stm32h5xx_ll_tim.h:2016:22:LL_TIM_DisableCounter	16	static
C:/STproject/M33_26JP/cmake/stm32cubemx/../../Drivers/STM32H5xx_HAL_Driver/Inc/stm32h5xx_ll_tim.h:2027:26:LL_TIM_IsEnabledCounter	16	static
C:/STproject/M33_26JP/cmake/stm32cubemx/../../Drivers/STM32H5xx_HAL_Driver/Inc/stm32h5xx_ll_tim.h:2259:22:LL_TIM_SetCounter	16	static
C:/STproject/M33_26JP/cmake/stm32cubemx/../../Drivers/STM32H5xx_HAL_Driver/Inc/stm32h5xx_ll_tim.h:2586:22:LL_TIM_CC_EnableChannel	16	static
C:/STproject/M33_26JP/cmake/stm32cubemx/../../Drivers/STM32H5xx_HAL_Driver/Inc/stm32h5xx_ll_tim.h:5359:22:LL_TIM_ClearFlag_UPDATE	16	static
C:/STproject/M33_26JP/cmake/stm32cubemx/../../Drivers/STM32H5xx_HAL_Driver/Inc/stm32h5xx_ll_tim.h:5403:22:LL_TIM_ClearFlag_CC2	16	static
C:/STproject/M33_26JP/cmake/stm32cubemx/../../Drivers/STM32H5xx_HAL_Driver/Inc/stm32h5xx_ll_tim.h:5825:22:LL_TIM_EnableIT_UPDATE	16	static
C:/STproject/M33_26JP/cmake/stm32cubemx/../../Drivers/STM32H5xx_HAL_Driver/Inc/stm32h5xx_ll_tim.h:5836:22:LL_TIM_DisableIT_UPDATE	16	static
C:/STproject/M33_26JP/cmake/stm32cubemx/../../Drivers/STM32H5xx_HAL_Driver/Inc/stm32h5xx_ll_gpio.h:894:22:LL_GPIO_SetOutputPin	16	static
C:/STproject/M33_26JP/cmake/stm32cubemx/../../Drivers/STM32H5xx_HAL_Driver/Inc/stm32h5xx_ll_gpio.h:923:22:LL_GPIO_ResetOutputPin	16	static
C:/STproject/M33_26JP/Core/Src/sensor.c:48:6:sensor_scan_cycle_start	8	static
C:/STproject/M33_26JP/Core/Src/sensor.c:77:6:sen_vari_init	16	static
C:/STproject/M33_26JP/Core/Src/sensor.c:114:13:sensor_scan_start	8	static
C:/STproject/M33_26JP/Core/Src/sensor.c:132:13:sensor_scan_stop	8	static
C:/STproject/M33_26JP/Core/Src/sensor.c:148:13:sensor_normalize	32	static
C:/STproject/M33_26JP/Core/Src/sensor.c:176:13:position_enable	4	static
C:/STproject/M33_26JP/Core/Src/sensor.c:249:14:sensor_clampf	24	static
C:/STproject/M33_26JP/Core/Src/sensor.c:262:6:make_position	16	static
C:/STproject/M33_26JP/Core/Src/sensor.c:299:6:handle_ad_make	24	static
C:/STproject/M33_26JP/Core/Src/sensor.c:313:6:position_PID	24	static
C:/STproject/M33_26JP/Core/Src/sensor.c:351:16:active_sensor_count	24	static
C:/STproject/M33_26JP/Core/Src/sensor.c:364:13:cross_check	16	static
C:/STproject/M33_26JP/Core/Src/sensor.c:415:6:turn_decide	16	static
C:/STproject/M33_26JP/Core/Src/sensor.c:489:13:start_end_check	8	static
C:/STproject/M33_26JP/Core/Src/sensor.c:526:13:line_info	24	static
C:/STproject/M33_26JP/Core/Src/sensor.c:592:6:adc_timer_ISR	24	static
C:/STproject/M33_26JP/Core/Src/sensor.c:623:6:sensor_tim2_irq_handler	8	static
C:/STproject/M33_26JP/Core/Src/sensor.c:630:6:F_4095	56	static
C:/STproject/M33_26JP/Core/Src/sensor.c:686:6:F_Max_min	16	static
C:/STproject/M33_26JP/Core/Src/sensor.c:750:6:F_127	80	static
