C:/STproject/M33_26JP/cmake/stm32cubemx/../../Drivers/CMSIS/Include/core_cm33.h:2481:22:__NVIC_ClearPendingIRQ	16	static
C:/STproject/M33_26JP/cmake/stm32cubemx/../../Drivers/STM32H5xx_HAL_Driver/Inc/stm32h5xx_ll_adc.h:6983:22:LL_ADC_Enable	16	static
C:/STproject/M33_26JP/cmake/stm32cubemx/../../Drivers/STM32H5xx_HAL_Driver/Inc/stm32h5xx_ll_adc.h:7003:22:LL_ADC_Disable	16	static
C:/STproject/M33_26JP/cmake/stm32cubemx/../../Drivers/STM32H5xx_HAL_Driver/Inc/stm32h5xx_ll_adc.h:7022:26:LL_ADC_IsEnabled	16	static
C:/STproject/M33_26JP/cmake/stm32cubemx/../../Drivers/STM32H5xx_HAL_Driver/Inc/stm32h5xx_ll_adc.h:7033:26:LL_ADC_IsDisableOngoing	16	static
C:/STproject/M33_26JP/cmake/stm32cubemx/../../Drivers/STM32H5xx_HAL_Driver/Inc/stm32h5xx_ll_adc.h:7061:22:LL_ADC_StartCalibration	16	static
C:/STproject/M33_26JP/cmake/stm32cubemx/../../Drivers/STM32H5xx_HAL_Driver/Inc/stm32h5xx_ll_adc.h:7077:26:LL_ADC_IsCalibrationOnGoing	16	static
C:/STproject/M33_26JP/cmake/stm32cubemx/../../Drivers/STM32H5xx_HAL_Driver/Inc/stm32h5xx_ll_adc.h:7108:22:LL_ADC_REG_StartConversion	16	static
C:/STproject/M33_26JP/cmake/stm32cubemx/../../Drivers/STM32H5xx_HAL_Driver/Inc/stm32h5xx_ll_adc.h:7128:22:LL_ADC_REG_StopConversion	16	static
C:/STproject/M33_26JP/cmake/stm32cubemx/../../Drivers/STM32H5xx_HAL_Driver/Inc/stm32h5xx_ll_adc.h:7144:26:LL_ADC_REG_IsConversionOngoing	16	static
C:/STproject/M33_26JP/cmake/stm32cubemx/../../Drivers/STM32H5xx_HAL_Driver/Inc/stm32h5xx_ll_adc.h:7155:26:LL_ADC_REG_IsStopConversionOngoing	16	static
C:/STproject/M33_26JP/cmake/stm32cubemx/../../Drivers/STM32H5xx_HAL_Driver/Inc/stm32h5xx_ll_adc.h:7226:26:LL_ADC_REG_ReadConversionData12	16	static
C:/STproject/M33_26JP/cmake/stm32cubemx/../../Drivers/STM32H5xx_HAL_Driver/Inc/stm32h5xx_ll_adc.h:7542:26:LL_ADC_IsActiveFlag_ADRDY	16	static
C:/STproject/M33_26JP/cmake/stm32cubemx/../../Drivers/STM32H5xx_HAL_Driver/Inc/stm32h5xx_ll_adc.h:7666:22:LL_ADC_ClearFlag_ADRDY	16	static
C:/STproject/M33_26JP/cmake/stm32cubemx/../../Drivers/STM32H5xx_HAL_Driver/Inc/stm32h5xx_ll_adc.h:7677:22:LL_ADC_ClearFlag_EOC	16	static
C:/STproject/M33_26JP/cmake/stm32cubemx/../../Drivers/STM32H5xx_HAL_Driver/Inc/stm32h5xx_ll_adc.h:7688:22:LL_ADC_ClearFlag_EOS	16	static
C:/STproject/M33_26JP/cmake/stm32cubemx/../../Drivers/STM32H5xx_HAL_Driver/Inc/stm32h5xx_ll_adc.h:7699:22:LL_ADC_ClearFlag_OVR	16	static
C:/STproject/M33_26JP/cmake/stm32cubemx/../../Drivers/STM32H5xx_HAL_Driver/Inc/stm32h5xx_ll_adc.h:8072:22:LL_ADC_EnableIT_EOC	16	static
C:/STproject/M33_26JP/cmake/stm32cubemx/../../Drivers/STM32H5xx_HAL_Driver/Inc/stm32h5xx_ll_adc.h:8094:22:LL_ADC_EnableIT_OVR	16	static
C:/STproject/M33_26JP/cmake/stm32cubemx/../../Drivers/STM32H5xx_HAL_Driver/Inc/stm32h5xx_ll_tim.h:2005:22:LL_TIM_EnableCounter	16	static
C:/STproject/M33_26JP/cmake/stm32cubemx/../../Drivers/STM32H5xx_HAL_Driver/Inc/stm32h5xx_ll_tim.h:2016:22:LL_TIM_DisableCounter	16	static
C:/STproject/M33_26JP/cmake/stm32cubemx/../../Drivers/STM32H5xx_HAL_Driver/Inc/stm32h5xx_ll_tim.h:2027:26:LL_TIM_IsEnabledCounter	16	static
C:/STproject/M33_26JP/cmake/stm32cubemx/../../Drivers/STM32H5xx_HAL_Driver/Inc/stm32h5xx_ll_tim.h:2259:22:LL_TIM_SetCounter	16	static
C:/STproject/M33_26JP/cmake/stm32cubemx/../../Drivers/STM32H5xx_HAL_Driver/Inc/stm32h5xx_ll_tim.h:2586:22:LL_TIM_CC_EnableChannel	16	static
C:/STproject/M33_26JP/cmake/stm32cubemx/../../Drivers/STM32H5xx_HAL_Driver/Inc/stm32h5xx_ll_tim.h:2617:22:LL_TIM_CC_DisableChannel	16	static
C:/STproject/M33_26JP/cmake/stm32cubemx/../../Drivers/STM32H5xx_HAL_Driver/Inc/stm32h5xx_ll_tim.h:5359:22:LL_TIM_ClearFlag_UPDATE	16	static
C:/STproject/M33_26JP/cmake/stm32cubemx/../../Drivers/STM32H5xx_HAL_Driver/Inc/stm32h5xx_ll_tim.h:5370:26:LL_TIM_IsActiveFlag_UPDATE	16	static
C:/STproject/M33_26JP/cmake/stm32cubemx/../../Drivers/STM32H5xx_HAL_Driver/Inc/stm32h5xx_ll_tim.h:5403:22:LL_TIM_ClearFlag_CC2	16	static
C:/STproject/M33_26JP/cmake/stm32cubemx/../../Drivers/STM32H5xx_HAL_Driver/Inc/stm32h5xx_ll_tim.h:5825:22:LL_TIM_EnableIT_UPDATE	16	static
C:/STproject/M33_26JP/cmake/stm32cubemx/../../Drivers/STM32H5xx_HAL_Driver/Inc/stm32h5xx_ll_tim.h:5836:22:LL_TIM_DisableIT_UPDATE	16	static
C:/STproject/M33_26JP/cmake/stm32cubemx/../../Drivers/STM32H5xx_HAL_Driver/Inc/stm32h5xx_ll_tim.h:6490:22:LL_TIM_GenerateEvent_UPDATE	16	static
C:/STproject/M33_26JP/Core/Src/sensor.c:49:13:sensor_emitters_off	16	static
C:/STproject/M33_26JP/Core/Src/sensor.c:56:13:sensor_led_on	16	static
C:/STproject/M33_26JP/Core/Src/sensor.c:71:13:sensor_led_off	16	static
C:/STproject/M33_26JP/Core/Src/sensor.c:86:13:sensor_set_active_step	16	static
C:/STproject/M33_26JP/Core/Src/sensor.c:92:13:sensor_adc_stop	16	static
C:/STproject/M33_26JP/Core/Src/sensor.c:107:13:sensor_adc_enable_ready	16	static
C:/STproject/M33_26JP/Core/Src/sensor.c:120:13:sensor_adc_calibrate_enable	24	static
C:/STproject/M33_26JP/Core/Src/sensor.c:137:13:sensor_adc_clear_flags	8	static
C:/STproject/M33_26JP/Core/Src/sensor.c:147:13:sensor_adc_clear_result_flags	8	static
C:/STproject/M33_26JP/Core/Src/sensor.c:155:13:sensor_adc_enable_irqs	8	static
C:/STproject/M33_26JP/Core/Src/sensor.c:167:13:sensor_adc_start_pair	8	static
C:/STproject/M33_26JP/Core/Src/sensor.c:173:13:sensor_tim2_stop_trigger	8	static
C:/STproject/M33_26JP/Core/Src/sensor.c:184:13:sensor_tim2_start_trigger	8	static
C:/STproject/M33_26JP/Core/Src/sensor.c:197:6:sensor_scan_cycle_start	8	static
C:/STproject/M33_26JP/Core/Src/sensor.c:216:6:sen_vari_init	16	static
C:/STproject/M33_26JP/Core/Src/sensor.c:240:6:sensor_scan_start	8	static
C:/STproject/M33_26JP/Core/Src/sensor.c:261:13:sensor_scan_stop	8	static
C:/STproject/M33_26JP/Core/Src/sensor.c:274:13:sensor_adc_recover_from_error	8	static
C:/STproject/M33_26JP/Core/Src/sensor.c:290:6:sensor_normalize	32	static
C:/STproject/M33_26JP/Core/Src/sensor.c:319:13:position_enable	4	static
C:/STproject/M33_26JP/Core/Src/sensor.c:392:14:sensor_clampf	24	static
C:/STproject/M33_26JP/Core/Src/sensor.c:405:6:make_position	16	static
C:/STproject/M33_26JP/Core/Src/sensor.c:437:6:handle_ad_make	24	static
C:/STproject/M33_26JP/Core/Src/sensor.c:451:6:position_PID	24	static
C:/STproject/M33_26JP/Core/Src/sensor.c:497:13:mark_enable_shift	16	static
C:/STproject/M33_26JP/Core/Src/sensor.c:511:13:cross_check	16	static
C:/STproject/M33_26JP/Core/Src/sensor.c:547:6:turn_decide	16	static
C:/STproject/M33_26JP/Core/Src/sensor.c:607:6:start_end_check	8	static
C:/STproject/M33_26JP/Core/Src/sensor.c:636:6:line_info	24	static
C:/STproject/M33_26JP/Core/Src/sensor.c:700:13:sensor_process_adc_step	24	static
C:/STproject/M33_26JP/Core/Src/sensor.c:726:6:adc_timer_ISR	24	static
C:/STproject/M33_26JP/Core/Src/sensor.c:749:6:Sensor_Value	8	static
C:/STproject/M33_26JP/Core/Src/sensor.c:767:6:sensor_adc_irq_handler	8	static
C:/STproject/M33_26JP/Core/Src/sensor.c:772:6:sensor_tim2_irq_handler	8	static
C:/STproject/M33_26JP/Core/Src/sensor.c:789:6:F_4095	56	static
C:/STproject/M33_26JP/Core/Src/sensor.c:845:6:F_Max_min	16	static
C:/STproject/M33_26JP/Core/Src/sensor.c:896:6:F_127	80	static
C:/STproject/M33_26JP/Core/Src/sensor.c:911:6:F_POSCHECK	16	static
C:/STproject/M33_26JP/Core/Src/sensor.c:923:6:F_CHECKMAX	8	static
C:/STproject/M33_26JP/Core/Src/sensor.c:928:6:F_CHECKMIN	8	static
C:/STproject/M33_26JP/Core/Src/sensor.c:933:6:F_TURNMARK	24	static
