C:/STproject/M33_26JP/cmake/stm32cubemx/../../Drivers/STM32H5xx_HAL_Driver/Inc/stm32h5xx_ll_rcc.h:1957:26:LL_RCC_HSE_IsReady	4	static
C:/STproject/M33_26JP/cmake/stm32cubemx/../../Drivers/STM32H5xx_HAL_Driver/Inc/stm32h5xx_ll_rcc.h:2001:22:LL_RCC_HSI_Enable	4	static
C:/STproject/M33_26JP/cmake/stm32cubemx/../../Drivers/STM32H5xx_HAL_Driver/Inc/stm32h5xx_ll_rcc.h:2021:26:LL_RCC_HSI_IsReady	4	static
C:/STproject/M33_26JP/cmake/stm32cubemx/../../Drivers/STM32H5xx_HAL_Driver/Inc/stm32h5xx_ll_rcc.h:2091:26:LL_RCC_HSI_GetDivider	4	static
C:/STproject/M33_26JP/cmake/stm32cubemx/../../Drivers/STM32H5xx_HAL_Driver/Inc/stm32h5xx_ll_rcc.h:2117:22:LL_RCC_HSI_SetCalibTrimming	16	static
C:/STproject/M33_26JP/cmake/stm32cubemx/../../Drivers/STM32H5xx_HAL_Driver/Inc/stm32h5xx_ll_rcc.h:2165:26:LL_RCC_CSI_IsReady	4	static
C:/STproject/M33_26JP/cmake/stm32cubemx/../../Drivers/STM32H5xx_HAL_Driver/Inc/stm32h5xx_ll_rcc.h:2269:26:LL_RCC_HSI48_IsReady	4	static
C:/STproject/M33_26JP/cmake/stm32cubemx/../../Drivers/STM32H5xx_HAL_Driver/Inc/stm32h5xx_ll_rcc.h:2317:26:LL_RCC_LSE_IsReady	4	static
C:/STproject/M33_26JP/cmake/stm32cubemx/../../Drivers/STM32H5xx_HAL_Driver/Inc/stm32h5xx_ll_rcc.h:2465:26:LL_RCC_LSI_IsReady	4	static
C:/STproject/M33_26JP/cmake/stm32cubemx/../../Drivers/STM32H5xx_HAL_Driver/Inc/stm32h5xx_ll_rcc.h:2557:26:LL_RCC_GetSysClkSource	4	static
C:/STproject/M33_26JP/cmake/stm32cubemx/../../Drivers/STM32H5xx_HAL_Driver/Inc/stm32h5xx_ll_rcc.h:2658:26:LL_RCC_GetAHBPrescaler	4	static
C:/STproject/M33_26JP/cmake/stm32cubemx/../../Drivers/STM32H5xx_HAL_Driver/Inc/stm32h5xx_ll_rcc.h:2686:26:LL_RCC_GetAPB1Prescaler	4	static
C:/STproject/M33_26JP/cmake/stm32cubemx/../../Drivers/STM32H5xx_HAL_Driver/Inc/stm32h5xx_ll_rcc.h:2701:26:LL_RCC_GetAPB2Prescaler	4	static
C:/STproject/M33_26JP/cmake/stm32cubemx/../../Drivers/STM32H5xx_HAL_Driver/Inc/stm32h5xx_ll_rcc.h:2716:26:LL_RCC_GetAPB3Prescaler	4	static
C:/STproject/M33_26JP/cmake/stm32cubemx/../../Drivers/STM32H5xx_HAL_Driver/Inc/stm32h5xx_ll_rcc.h:3977:26:LL_RCC_GetClockSource	24	static
C:/STproject/M33_26JP/cmake/stm32cubemx/../../Drivers/STM32H5xx_HAL_Driver/Inc/stm32h5xx_ll_rcc.h:4039:26:LL_RCC_GetUSARTClockSource	16	static
C:/STproject/M33_26JP/cmake/stm32cubemx/../../Drivers/STM32H5xx_HAL_Driver/Inc/stm32h5xx_ll_rcc.h:4098:26:LL_RCC_GetUARTClockSource	16	static
C:/STproject/M33_26JP/cmake/stm32cubemx/../../Drivers/STM32H5xx_HAL_Driver/Inc/stm32h5xx_ll_rcc.h:4119:26:LL_RCC_GetLPUARTClockSource	16	static
C:/STproject/M33_26JP/cmake/stm32cubemx/../../Drivers/STM32H5xx_HAL_Driver/Inc/stm32h5xx_ll_rcc.h:4158:26:LL_RCC_GetI2CClockSource	16	static
C:/STproject/M33_26JP/cmake/stm32cubemx/../../Drivers/STM32H5xx_HAL_Driver/Inc/stm32h5xx_ll_rcc.h:4186:26:LL_RCC_GetI3CClockSource	16	static
C:/STproject/M33_26JP/cmake/stm32cubemx/../../Drivers/STM32H5xx_HAL_Driver/Inc/stm32h5xx_ll_rcc.h:4243:26:LL_RCC_GetSPIClockSource	16	static
C:/STproject/M33_26JP/cmake/stm32cubemx/../../Drivers/STM32H5xx_HAL_Driver/Inc/stm32h5xx_ll_rcc.h:4303:26:LL_RCC_GetLPTIMClockSource	16	static
C:/STproject/M33_26JP/cmake/stm32cubemx/../../Drivers/STM32H5xx_HAL_Driver/Inc/stm32h5xx_ll_rcc.h:4354:26:LL_RCC_GetFDCANClockSource	16	static
C:/STproject/M33_26JP/cmake/stm32cubemx/../../Drivers/STM32H5xx_HAL_Driver/Inc/stm32h5xx_ll_rcc.h:4401:26:LL_RCC_GetSDMMCClockSource	16	static
C:/STproject/M33_26JP/cmake/stm32cubemx/../../Drivers/STM32H5xx_HAL_Driver/Inc/stm32h5xx_ll_rcc.h:4418:26:LL_RCC_GetRNGClockSource	16	static
C:/STproject/M33_26JP/cmake/stm32cubemx/../../Drivers/STM32H5xx_HAL_Driver/Inc/stm32h5xx_ll_rcc.h:4438:26:LL_RCC_GetUSBClockSource	16	static
C:/STproject/M33_26JP/cmake/stm32cubemx/../../Drivers/STM32H5xx_HAL_Driver/Inc/stm32h5xx_ll_rcc.h:4457:26:LL_RCC_GetADCDACClockSource	16	static
C:/STproject/M33_26JP/cmake/stm32cubemx/../../Drivers/STM32H5xx_HAL_Driver/Inc/stm32h5xx_ll_rcc.h:4471:26:LL_RCC_GetDACLPClockSource	16	static
C:/STproject/M33_26JP/cmake/stm32cubemx/../../Drivers/STM32H5xx_HAL_Driver/Inc/stm32h5xx_ll_rcc.h:4486:26:LL_RCC_GetCECClockSource	16	static
C:/STproject/M33_26JP/cmake/stm32cubemx/../../Drivers/STM32H5xx_HAL_Driver/Inc/stm32h5xx_ll_rcc.h:4503:26:LL_RCC_GetOCTOSPIClockSource	16	static
C:/STproject/M33_26JP/cmake/stm32cubemx/../../Drivers/STM32H5xx_HAL_Driver/Inc/stm32h5xx_ll_rcc.h:4720:26:LL_RCC_GetCLKPClockSource	16	static
C:/STproject/M33_26JP/cmake/stm32cubemx/../../Drivers/STM32H5xx_HAL_Driver/Inc/stm32h5xx_ll_rcc.h:5115:26:LL_RCC_PLL1_IsReady	4	static
C:/STproject/M33_26JP/cmake/stm32cubemx/../../Drivers/STM32H5xx_HAL_Driver/Inc/stm32h5xx_ll_rcc.h:5194:26:LL_RCC_PLL1P_IsEnabled	4	static
C:/STproject/M33_26JP/cmake/stm32cubemx/../../Drivers/STM32H5xx_HAL_Driver/Inc/stm32h5xx_ll_rcc.h:5204:26:LL_RCC_PLL1Q_IsEnabled	4	static
C:/STproject/M33_26JP/cmake/stm32cubemx/../../Drivers/STM32H5xx_HAL_Driver/Inc/stm32h5xx_ll_rcc.h:5214:26:LL_RCC_PLL1R_IsEnabled	4	static
C:/STproject/M33_26JP/cmake/stm32cubemx/../../Drivers/STM32H5xx_HAL_Driver/Inc/stm32h5xx_ll_rcc.h:5267:26:LL_RCC_PLL1_GetSource	4	static
C:/STproject/M33_26JP/cmake/stm32cubemx/../../Drivers/STM32H5xx_HAL_Driver/Inc/stm32h5xx_ll_rcc.h:5287:26:LL_RCC_PLL1_GetN	4	static
C:/STproject/M33_26JP/cmake/stm32cubemx/../../Drivers/STM32H5xx_HAL_Driver/Inc/stm32h5xx_ll_rcc.h:5309:26:LL_RCC_PLL1_GetP	4	static
C:/STproject/M33_26JP/cmake/stm32cubemx/../../Drivers/STM32H5xx_HAL_Driver/Inc/stm32h5xx_ll_rcc.h:5332:26:LL_RCC_PLL1_GetQ	4	static
C:/STproject/M33_26JP/cmake/stm32cubemx/../../Drivers/STM32H5xx_HAL_Driver/Inc/stm32h5xx_ll_rcc.h:5354:26:LL_RCC_PLL1_GetR	4	static
C:/STproject/M33_26JP/cmake/stm32cubemx/../../Drivers/STM32H5xx_HAL_Driver/Inc/stm32h5xx_ll_rcc.h:5374:26:LL_RCC_PLL1_GetM	4	static
C:/STproject/M33_26JP/cmake/stm32cubemx/../../Drivers/STM32H5xx_HAL_Driver/Inc/stm32h5xx_ll_rcc.h:5394:26:LL_RCC_PLL1FRACN_IsEnabled	4	static
C:/STproject/M33_26JP/cmake/stm32cubemx/../../Drivers/STM32H5xx_HAL_Driver/Inc/stm32h5xx_ll_rcc.h:5424:26:LL_RCC_PLL1_GetFRACN	4	static
C:/STproject/M33_26JP/cmake/stm32cubemx/../../Drivers/STM32H5xx_HAL_Driver/Inc/stm32h5xx_ll_rcc.h:5492:26:LL_RCC_PLL2_IsReady	4	static
C:/STproject/M33_26JP/cmake/stm32cubemx/../../Drivers/STM32H5xx_HAL_Driver/Inc/stm32h5xx_ll_rcc.h:5521:26:LL_RCC_PLL2_GetSource	4	static
C:/STproject/M33_26JP/cmake/stm32cubemx/../../Drivers/STM32H5xx_HAL_Driver/Inc/stm32h5xx_ll_rcc.h:5542:26:LL_RCC_PLL2_GetM	4	static
C:/STproject/M33_26JP/cmake/stm32cubemx/../../Drivers/STM32H5xx_HAL_Driver/Inc/stm32h5xx_ll_rcc.h:5562:26:LL_RCC_PLL2_GetN	4	static
C:/STproject/M33_26JP/cmake/stm32cubemx/../../Drivers/STM32H5xx_HAL_Driver/Inc/stm32h5xx_ll_rcc.h:5584:26:LL_RCC_PLL2_GetP	4	static
C:/STproject/M33_26JP/cmake/stm32cubemx/../../Drivers/STM32H5xx_HAL_Driver/Inc/stm32h5xx_ll_rcc.h:5607:26:LL_RCC_PLL2_GetQ	4	static
C:/STproject/M33_26JP/cmake/stm32cubemx/../../Drivers/STM32H5xx_HAL_Driver/Inc/stm32h5xx_ll_rcc.h:5629:26:LL_RCC_PLL2_GetR	4	static
C:/STproject/M33_26JP/cmake/stm32cubemx/../../Drivers/STM32H5xx_HAL_Driver/Inc/stm32h5xx_ll_rcc.h:5705:26:LL_RCC_PLL2P_IsEnabled	4	static
C:/STproject/M33_26JP/cmake/stm32cubemx/../../Drivers/STM32H5xx_HAL_Driver/Inc/stm32h5xx_ll_rcc.h:5715:26:LL_RCC_PLL2Q_IsEnabled	4	static
C:/STproject/M33_26JP/cmake/stm32cubemx/../../Drivers/STM32H5xx_HAL_Driver/Inc/stm32h5xx_ll_rcc.h:5725:26:LL_RCC_PLL2R_IsEnabled	4	static
C:/STproject/M33_26JP/cmake/stm32cubemx/../../Drivers/STM32H5xx_HAL_Driver/Inc/stm32h5xx_ll_rcc.h:5745:26:LL_RCC_PLL2FRACN_IsEnabled	4	static
C:/STproject/M33_26JP/cmake/stm32cubemx/../../Drivers/STM32H5xx_HAL_Driver/Inc/stm32h5xx_ll_rcc.h:5775:26:LL_RCC_PLL2_GetFRACN	4	static
C:/STproject/M33_26JP/cmake/stm32cubemx/../../Drivers/STM32H5xx_HAL_Driver/Inc/stm32h5xx_ll_rcc.h:5844:26:LL_RCC_PLL3_IsReady	4	static
C:/STproject/M33_26JP/cmake/stm32cubemx/../../Drivers/STM32H5xx_HAL_Driver/Inc/stm32h5xx_ll_rcc.h:5874:26:LL_RCC_PLL3_GetSource	4	static
C:/STproject/M33_26JP/cmake/stm32cubemx/../../Drivers/STM32H5xx_HAL_Driver/Inc/stm32h5xx_ll_rcc.h:5894:26:LL_RCC_PLL3_GetN	4	static
C:/STproject/M33_26JP/cmake/stm32cubemx/../../Drivers/STM32H5xx_HAL_Driver/Inc/stm32h5xx_ll_rcc.h:5916:26:LL_RCC_PLL3_GetP	4	static
C:/STproject/M33_26JP/cmake/stm32cubemx/../../Drivers/STM32H5xx_HAL_Driver/Inc/stm32h5xx_ll_rcc.h:5938:26:LL_RCC_PLL3_GetQ	4	static
C:/STproject/M33_26JP/cmake/stm32cubemx/../../Drivers/STM32H5xx_HAL_Driver/Inc/stm32h5xx_ll_rcc.h:5960:26:LL_RCC_PLL3_GetR	4	static
C:/STproject/M33_26JP/cmake/stm32cubemx/../../Drivers/STM32H5xx_HAL_Driver/Inc/stm32h5xx_ll_rcc.h:5980:26:LL_RCC_PLL3_GetM	4	static
C:/STproject/M33_26JP/cmake/stm32cubemx/../../Drivers/STM32H5xx_HAL_Driver/Inc/stm32h5xx_ll_rcc.h:6056:26:LL_RCC_PLL3P_IsEnabled	4	static
C:/STproject/M33_26JP/cmake/stm32cubemx/../../Drivers/STM32H5xx_HAL_Driver/Inc/stm32h5xx_ll_rcc.h:6066:26:LL_RCC_PLL3Q_IsEnabled	4	static
C:/STproject/M33_26JP/cmake/stm32cubemx/../../Drivers/STM32H5xx_HAL_Driver/Inc/stm32h5xx_ll_rcc.h:6076:26:LL_RCC_PLL3R_IsEnabled	4	static
C:/STproject/M33_26JP/cmake/stm32cubemx/../../Drivers/STM32H5xx_HAL_Driver/Inc/stm32h5xx_ll_rcc.h:6096:26:LL_RCC_PLL3FRACN_IsEnabled	4	static
C:/STproject/M33_26JP/cmake/stm32cubemx/../../Drivers/STM32H5xx_HAL_Driver/Inc/stm32h5xx_ll_rcc.h:6126:26:LL_RCC_PLL3_GetFRACN	4	static
C:/STproject/M33_26JP/cmake/stm32cubemx/../../Drivers/STM32H5xx_HAL_Driver/Inc/stm32h5xx_ll_rcc.h:6544:22:LL_RCC_ClearResetFlags	4	static
C:/STproject/M33_26JP/Drivers/STM32H5xx_HAL_Driver/Src/stm32h5xx_ll_rcc.c:248:13:LL_RCC_DeInit	8	static
C:/STproject/M33_26JP/Drivers/STM32H5xx_HAL_Driver/Src/stm32h5xx_ll_rcc.c:401:6:LL_RCC_GetSystemClocksFreq	16	static
C:/STproject/M33_26JP/Drivers/STM32H5xx_HAL_Driver/Src/stm32h5xx_ll_rcc.c:424:6:LL_RCC_GetPLL1ClockFreq	48	static
C:/STproject/M33_26JP/Drivers/STM32H5xx_HAL_Driver/Src/stm32h5xx_ll_rcc.c:507:6:LL_RCC_GetPLL2ClockFreq	48	static
C:/STproject/M33_26JP/Drivers/STM32H5xx_HAL_Driver/Src/stm32h5xx_ll_rcc.c:591:6:LL_RCC_GetPLL3ClockFreq	48	static
C:/STproject/M33_26JP/Drivers/STM32H5xx_HAL_Driver/Src/stm32h5xx_ll_rcc.c:681:10:LL_RCC_CalcPLLClockFreq	32	static
C:/STproject/M33_26JP/Drivers/STM32H5xx_HAL_Driver/Src/stm32h5xx_ll_rcc.c:707:10:LL_RCC_GetUSARTClockFreq	32	static
C:/STproject/M33_26JP/Drivers/STM32H5xx_HAL_Driver/Src/stm32h5xx_ll_rcc.c:1090:10:LL_RCC_GetUARTClockFreq	32	static
C:/STproject/M33_26JP/Drivers/STM32H5xx_HAL_Driver/Src/stm32h5xx_ll_rcc.c:1467:10:LL_RCC_GetSPIClockFreq	32	static
C:/STproject/M33_26JP/Drivers/STM32H5xx_HAL_Driver/Src/stm32h5xx_ll_rcc.c:1827:10:LL_RCC_GetI2CClockFreq	32	static
C:/STproject/M33_26JP/Drivers/STM32H5xx_HAL_Driver/Src/stm32h5xx_ll_rcc.c:2049:10:LL_RCC_GetI3CClockFreq	32	static
C:/STproject/M33_26JP/Drivers/STM32H5xx_HAL_Driver/Src/stm32h5xx_ll_rcc.c:2181:10:LL_RCC_GetLPUARTClockFreq	32	static
C:/STproject/M33_26JP/Drivers/STM32H5xx_HAL_Driver/Src/stm32h5xx_ll_rcc.c:2263:10:LL_RCC_GetLPTIMClockFreq	32	static
C:/STproject/M33_26JP/Drivers/STM32H5xx_HAL_Driver/Src/stm32h5xx_ll_rcc.c:2742:10:LL_RCC_GetSDMMCClockFreq	32	static
C:/STproject/M33_26JP/Drivers/STM32H5xx_HAL_Driver/Src/stm32h5xx_ll_rcc.c:2834:10:LL_RCC_GetRNGClockFreq	32	static
C:/STproject/M33_26JP/Drivers/STM32H5xx_HAL_Driver/Src/stm32h5xx_ll_rcc.c:2894:10:LL_RCC_GetUSBClockFreq	32	static
C:/STproject/M33_26JP/Drivers/STM32H5xx_HAL_Driver/Src/stm32h5xx_ll_rcc.c:2967:10:LL_RCC_GetADCDACClockFreq	32	static
C:/STproject/M33_26JP/Drivers/STM32H5xx_HAL_Driver/Src/stm32h5xx_ll_rcc.c:3033:10:LL_RCC_GetDACLPClockFreq	24	static
C:/STproject/M33_26JP/Drivers/STM32H5xx_HAL_Driver/Src/stm32h5xx_ll_rcc.c:3073:10:LL_RCC_GetOCTOSPIClockFreq	32	static
C:/STproject/M33_26JP/Drivers/STM32H5xx_HAL_Driver/Src/stm32h5xx_ll_rcc.c:3131:10:LL_RCC_GetFDCANClockFreq	32	static
C:/STproject/M33_26JP/Drivers/STM32H5xx_HAL_Driver/Src/stm32h5xx_ll_rcc.c:3190:10:LL_RCC_GetCECClockFreq	24	static
C:/STproject/M33_26JP/Drivers/STM32H5xx_HAL_Driver/Src/stm32h5xx_ll_rcc.c:3800:10:LL_RCC_GetCLKPClockFreq	24	static
C:/STproject/M33_26JP/Drivers/STM32H5xx_HAL_Driver/Src/stm32h5xx_ll_rcc.c:3854:10:RCC_GetSystemClockFreq	16	static
C:/STproject/M33_26JP/Drivers/STM32H5xx_HAL_Driver/Src/stm32h5xx_ll_rcc.c:3890:10:RCC_GetHCLKClockFreq	16	static
C:/STproject/M33_26JP/Drivers/STM32H5xx_HAL_Driver/Src/stm32h5xx_ll_rcc.c:3901:10:RCC_GetPCLK1ClockFreq	16	static
C:/STproject/M33_26JP/Drivers/STM32H5xx_HAL_Driver/Src/stm32h5xx_ll_rcc.c:3912:10:RCC_GetPCLK2ClockFreq	16	static
C:/STproject/M33_26JP/Drivers/STM32H5xx_HAL_Driver/Src/stm32h5xx_ll_rcc.c:3924:10:RCC_GetPCLK3ClockFreq	16	static
C:/STproject/M33_26JP/Drivers/STM32H5xx_HAL_Driver/Src/stm32h5xx_ll_rcc.c:3934:10:RCC_PLL1_GetFreqSystem	48	static
